###############################################################################
#
# IAR ELF Linker V3.11.1.207 for STM8                     30/Jan/2020  20:42:50
# Copyright 2010-2019 IAR Systems AB.
#
#    Output file  =  
#        C:\Users\Administrator\Desktop\STM8\Temp_Process\IAR\Debug\Exe\LY-STM8.out
#    Map file     =  
#        C:\Users\Administrator\Desktop\STM8\Temp_Process\IAR\Debug\List\LY-STM8.map
#    Command line =  
#        -f C:\Users\ADMINI~1\AppData\Local\Temp\EWDD64.tmp
#        (C:\Users\Administrator\Desktop\STM8\Temp_Process\IAR\Debug\Obj\DS18B20.o
#        C:\Users\Administrator\Desktop\STM8\Temp_Process\IAR\Debug\Obj\led.o
#        C:\Users\Administrator\Desktop\STM8\Temp_Process\IAR\Debug\Obj\main.o
#        C:\Users\Administrator\Desktop\STM8\Temp_Process\IAR\Debug\Obj\OLED12864.o
#        C:\Users\Administrator\Desktop\STM8\Temp_Process\IAR\Debug\Obj\OLEDI2C.o
#        C:\Users\Administrator\Desktop\STM8\Temp_Process\IAR\Debug\Obj\pbdata.o
#        C:\Users\Administrator\Desktop\STM8\Temp_Process\IAR\Debug\Obj\spi.o
#        C:\Users\Administrator\Desktop\STM8\Temp_Process\IAR\Debug\Obj\stm8s_clk.o
#        C:\Users\Administrator\Desktop\STM8\Temp_Process\IAR\Debug\Obj\stm8s_gpio.o
#        C:\Users\Administrator\Desktop\STM8\Temp_Process\IAR\Debug\Obj\stm8s_it.o
#        C:\Users\Administrator\Desktop\STM8\Temp_Process\IAR\Debug\Obj\stm8s_spi.o
#        C:\Users\Administrator\Desktop\STM8\Temp_Process\IAR\Debug\Obj\stm8s_tim4.o
#        C:\Users\Administrator\Desktop\STM8\Temp_Process\IAR\Debug\Obj\stm8s_uart1.o
#        C:\Users\Administrator\Desktop\STM8\Temp_Process\IAR\Debug\Obj\tim4.o
#        C:\Users\Administrator\Desktop\STM8\Temp_Process\IAR\Debug\Obj\uart1.o
#        C:\Users\Administrator\Desktop\STM8\Temp_Process\IAR\Debug\Obj\w25qxx.o
#        --redirect _Printf=_PrintfSmall --redirect _Scanf=_ScanfSmall
#        --no_out_extension -o
#        C:\Users\Administrator\Desktop\STM8\Temp_Process\IAR\Debug\Exe\LY-STM8.out
#        --map
#        C:\Users\Administrator\Desktop\STM8\Temp_Process\IAR\Debug\List\LY-STM8.map
#        --config "C:\Program Files (x86)\IAR Systems\Embedded Workbench
#        8.3\stm8\config\lnkstm8s208mb.icf" --config_def _CSTACK_SIZE=0x100
#        --config_def _HEAP_SIZE=0x100 --entry __iar_program_start --debug_lib)
#
###############################################################################

*******************************************************************************
*** RUNTIME MODEL ATTRIBUTES
***

__Heap_Handler             = Basic
__SystemLibrary            = DLib
__code_model               = small
__core                     = stm8
__data_model               = medium
__dlib_file_descriptor     = 1
__dlib_full_locale_support = 1
__rt_version               = 4


*******************************************************************************
*** PLACEMENT SUMMARY
***

"A0":  place at start of [0x000000-0x0000ff] { rw section .vregs };
"A1":  place at end of [0x000000-0x0017ff] { block CSTACK };
"P2":  place in [from 0x000000 to 0x0017ff] {
          block HEAP, rw section __DLIB_PERTHREAD, rw section .far.bss,
          rw section .far.data, rw section .far.noinit,
          rw section .far_func.textrw, rw section .huge.bss,
          rw section .huge.data, rw section .huge.noinit,
          rw section .huge_func.textrw, rw section .iar.dynexit,
          rw section .near.bss, rw section .near.data, rw section .near.noinit,
          rw section .near_func.textrw };
"A2":  place at start of [0x008000-0x00ffff] { block INTVEC };
"P3":  place in [from 0x008000 to 0x00ffff] {
          ro section __DLIB_PERTHREAD_init, ro section .far.data_init,
          ro section .far_func.textrw_init, ro section .huge.data_init,
          ro section .huge_func.textrw_init, ro section .iar.init_table,
          ro section .init_array, ro section .near.data_init,
          ro section .near.rodata, ro section .near_func.text,
          ro section .near_func.textrw_init, ro section .tiny.data_init,
          ro section .tiny.rodata_init };
do not initialize {
   rw section .eeprom.noinit, rw section .far.noinit, rw section .huge.noinit,
   rw section .near.noinit, rw section .tiny.noinit, rw section .vregs };
initialize by copy {
   rw section .far.bss, rw section .far.data, rw section .far_func.textrw,
   rw section .huge.bss, rw section .huge.data, rw section .huge_func.textrw,
   rw section .iar.dynexit, rw section .near.bss, rw section .near.data,
   rw section .near_func.textrw, rw section .tiny.bss, rw section .tiny.data,
   ro section .tiny.rodata };

No sections matched the following patterns:

  ro section .far.data_init          in "P3"
  ro section .far.rodata             in "P4"
  ro section .far_func.text          in "P4"
  ro section .far_func.textrw_init   in "P3"
  ro section .huge.data_init         in "P3"
  ro section .huge.rodata            in "P5"
  ro section .huge_func.text         in "P5"
  ro section .huge_func.textrw_init  in "P3"
  ro section .iar.init_table         in "P3"
  ro section .init_array             in "P3"
  ro section .near_func.textrw_init  in "P3"
  ro section .tiny.data_init         in "P3"
  ro section .tiny.rodata_init       in "P3"
  ro section __DLIB_PERTHREAD_init   in "P3"
  rw section .far.bss                in "P2"
  rw section .far.data               in "P2"
  rw section .far.noinit             in "P2"
  rw section .far_func.textrw        in "P2"
  rw section .huge.bss               in "P2"
  rw section .huge.data              in "P2"
  rw section .huge.noinit            in "P2"
  rw section .huge_func.textrw       in "P2"
  rw section .iar.dynexit            in "P2"
  rw section .near.noinit            in "P2"
  rw section .near_func.textrw       in "P2"
  rw section .tiny.bss               in "P1"
  rw section .tiny.data              in "P1"
  rw section .tiny.noinit            in "P1"
  rw section .tiny.rodata            in "P1"
  rw section __DLIB_PERTHREAD        in "P2"
  section .eeprom.data               in "P6-P8"
  section .eeprom.noinit             in "P6-P8"
  section .eeprom.rodata             in "P6-P8"


  Section            Kind      Address    Size  Object
  -------            ----      -------    ----  ------
"A0":                                     0x10
  .vregs             uninit   0x000000    0x10  vregs.o [4]
                            - 0x000010    0x10

"P2", part 1 of 3:                      0x1224
  P2-1                        0x000010  0x1224  <Init block>
    .near.data       inited   0x000010   0x228  OLED12864.o [1]
    .near.data       inited   0x000238   0x5f0  OLED12864.o [1]
    .near.data       inited   0x000828   0x2e0  OLED12864.o [1]
    .near.data       inited   0x000b08   0x480  OLED12864.o [1]
    .near.data       inited   0x000f88   0x280  OLED12864.o [1]
    .near.data       inited   0x001208     0x4  stm8s_it.o [1]
    .near.data       inited   0x00120c    0x28  xfiles.o [4]
                            - 0x001234  0x1224

"P2", part 2 of 3:                       0x100
  HEAP                        0x001234   0x100  <Block>
    HEAP             uninit   0x001234   0x100  <Block tail>
                            - 0x001334   0x100

"P2", part 3 of 3:                        0x73
  .near.bss          zero     0x001334    0x50  xfiles.o [4]
  .near.bss          zero     0x001384     0xe  setlocale.o [4]
  .near.bss          zero     0x001392     0x4  DS18B20.o [1]
  .near.bss          zero     0x001396     0x4  DS18B20.o [1]
  .near.bss          zero     0x00139a     0x4  xxmemxmalloc.o [4]
  .near.bss          zero     0x00139e     0x2  DS18B20.o [1]
  .near.bss          zero     0x0013a0     0x2  setlocale.o [4]
  .near.bss          zero     0x0013a2     0x2  xgetmemchunk.o [4]
  .near.bss          zero     0x0013a4     0x1  DS18B20.o [1]
  .near.bss          zero     0x0013a5     0x1  OLED12864.o [1]
  .near.bss          zero     0x0013a6     0x1  stm8s_it.o [1]
                            - 0x0013a7    0x73

"A1":                                    0x100
  CSTACK                      0x001700   0x100  <Block>
    CSTACK           uninit   0x001700   0x100  <Block tail>
                            - 0x001800   0x100

"A2":                                     0x80
  INTVEC                      0x008000    0x80  <Block>
    .intvec          const    0x008000    0x80  interrupt.o [4]
                            - 0x008080    0x80

"P3":                                   0x411a
  Initializer bytes  const    0x008080  0x1224  <for P2-1>
  .near_func.text    ro code  0x0092a4   0x976  OLED12864.o [1]
  .near_func.text    ro code  0x009c1a   0x445  xprintfsmall.o [4]
  .near_func.text    ro code  0x00a05f   0x235  float.o [4]
  .near_func.text    ro code  0x00a294   0x222  stm8s_uart1.o [1]
  .near_func.text    ro code  0x00a4b6   0x1dc  xprintfsmall.o [4]
  .near_func.text    ro code  0x00a692   0x1a2  long.o [4]
  .near_func.text    ro code  0x00a834   0x176  xprintfsmall.o [4]
  .near_func.text    ro code  0x00a9aa   0x141  vreg_util.o [4]
  .near_func.text    ro code  0x00aaeb   0x13f  stm8s_spi.o [1]
  .near_func.text    ro code  0x00ac2a   0x110  stm8s_gpio.o [1]
  .near_func.text    ro code  0x00ad3a    0xfc  DS18B20.o [1]
  .near_func.text    ro code  0x00ae36    0xee  OLED12864.o [1]
  .near_func.text    ro code  0x00af24    0xd3  xxmemxfree.o [4]
  .near_func.text    ro code  0x00aff7    0xd0  stm8s_uart1.o [1]
  .near_func.text    ro code  0x00b0c7    0x96  OLEDI2C.o [1]
  .near_func.text    ro code  0x00b15d    0x94  DS18B20.o [1]
  .near_func.text    ro code  0x00b1f1    0x92  xxmemxmalloc.o [4]
  .near_func.text    ro code  0x00b283    0x91  DS18B20.o [1]
  .near_func.text    ro code  0x00b314    0x7c  w25qxx.o [1]
  .near_func.text    ro code  0x00b390    0x77  DS18B20.o [1]
  .near_func.text    ro code  0x00b407    0x76  stm8s_it.o [1]
  .near_func.text    ro code  0x00b47d    0x63  xxmemxmalloc.o [4]
  .near_func.text    ro code  0x00b4e0    0x5c  w25qxx.o [1]
  .near_func.text    ro code  0x00b53c    0x57  stm8s_clk.o [1]
  .near_func.text    ro code  0x00b593    0x57  w25qxx.o [1]
  .near_func.text    ro code  0x00b5ea    0x56  stm8s_spi.o [1]
  .near_func.text    ro code  0x00b640    0x54  short.o [4]
  .near_func.text    ro code  0x00b694    0x51  stm8s_tim4.o [1]
  .near_func.text    ro code  0x00b6e5    0x50  stm8s_tim4.o [1]
  .near.rodata       const    0x00b735    0x47  stm8s_uart1.o [1]
  .near_func.text    ro code  0x00b77c    0x47  long_util.o [4]
  .near.rodata       const    0x00b7c3    0x46  stm8s_gpio.o [1]
  .near.rodata       const    0x00b809    0x46  stm8s_tim4.o [1]
  .near.rodata       const    0x00b84f    0x45  stm8s_clk.o [1]
  .near.rodata       const    0x00b894    0x45  stm8s_spi.o [1]
  .near_func.text    ro code  0x00b8d9    0x43  w25qxx.o [1]
  .near_func.text    ro code  0x00b91c    0x3d  stm8s_clk.o [1]
  .near_func.text    ro code  0x00b959    0x3d  xprintfsmall.o [4]
  .near_func.text    ro code  0x00b996    0x37  stm8s_spi.o [1]
  .near_func.text    ro code  0x00b9cd    0x36  xprintfsmall.o [4]
  .near_func.text    ro code  0x00ba03    0x35  xprintfsmall.o [4]
  .near_func.text    ro code  0x00ba38    0x34  OLEDI2C.o [1]
  .near_func.text    ro code  0x00ba6c    0x34  OLEDI2C.o [1]
  .near_func.text    ro code  0x00baa0    0x32  xencoding_sb.o [4]
  .near_func.text    ro code  0x00bad2    0x2f  stm8s_tim4.o [1]
  .near_func.text    ro code  0x00bb01    0x2f  stm8s_tim4.o [1]
  .near_func.text    ro code  0x00bb30    0x2f  xprintfsmall.o [4]
  .near_func.text    ro code  0x00bb5f    0x2c  strcmp.o [4]
  .near_func.text    ro code  0x00bb8b    0x28  init_small.o [4]
  .near_func.text    ro code  0x00bbb3    0x27  main.o [1]
  .near_func.text    ro code  0x00bbda    0x26  uart1.o [1]
  .near_func.text    ro code  0x00bc00    0x26  w25qxx.o [1]
  .near.rodata       const    0x00bc26    0x25  w25qxx.o [1]
  .near.rodata       const    0x00bc4b    0x25  w25qxx.o [1]
  .near_func.text    ro code  0x00bc70    0x25  dc_util.o [4]
  .near_func.text    ro code  0x00bc95    0x24  led.o [1]
  .near_func.text    ro code  0x00bcb9    0x23  spi.o [1]
  .near_func.text    ro code  0x00bcdc    0x21  xmbtowc.o [4]
  .near_func.text    ro code  0x00bcfd    0x21  memchr.o [4]
  .iar.init_table    const    0x00bd1e    0x12  - Linker created -
  .near_func.text    ro code  0x00bd30    0x1f  spi.o [1]
  .near_func.text    ro code  0x00bd4f    0x1f  memcpy.o [4]
  .near_func.text    ro code  0x00bd6e    0x1e  OLED12864.o [1]
  .near_func.text    ro code  0x00bd8c    0x1e  init_small.o [4]
  .near_func.text    ro code  0x00bdaa    0x1d  OLED12864.o [1]
  .near_func.text    ro code  0x00bdc7    0x1d  printf.o [4]
  .near_func.text    ro code  0x00bde4    0x1c  tim4.o [1]
  .near_func.text    ro code  0x00be00    0x1c  xwctomb.o [4]
  .near_func.text    ro code  0x00be1c    0x1b  xprout.o [4]
  .near.rodata       const    0x00be37    0x1a  w25qxx.o [1]
  .near.rodata       const    0x00be51    0x1a  w25qxx.o [1]
  .near_func.text    ro code  0x00be6b    0x1a  pbdata.o [1]
  .near_func.text    ro code  0x00be85    0x19  DS18B20.o [1]
  .near_func.text    ro code  0x00be9e    0x19  OLEDI2C.o [1]
  .near_func.text    ro code  0x00beb7    0x19  xgetmemchunk.o [4]
  .near_func.text    ro code  0x00bed0    0x17  xencoding_sb.o [4]
  .near_func.text    ro code  0x00bee7    0x15  w25qxx.o [1]
  .near_func.text    ro code  0x00befc    0x15  strchr.o [4]
  .near_func.text    ro code  0x00bf11    0x14  uart1.o [1]
  .near_func.text    ro code  0x00bf25    0x14  init.o [4]
  .near_func.text    ro code  0x00bf39    0x14  xprintfsmall.o [4]
  .near_func.text    ro code  0x00bf4d    0x14  xprintfsmall.o [4]
  .near_func.text    ro code  0x00bf61    0x14  __dbg_xxexit.o [3]
  .near.rodata       const    0x00bf75    0x13  OLED12864.o [1]
  .near_func.text    ro code  0x00bf88    0x13  cstartup.o [4]
  .near.rodata       const    0x00bf9b    0x11  DS18B20.o [1]
  .near.rodata       const    0x00bfac    0x11  DS18B20.o [1]
  .near.rodata       const    0x00bfbd    0x11  DS18B20.o [1]
  .near.rodata       const    0x00bfce    0x11  DS18B20.o [1]
  .near.rodata       const    0x00bfdf    0x11  stm8s_it.o [1]
  .near_func.text    ro code  0x00bff0     0xf  pbdata.o [1]
  .near_func.text    ro code  0x00bfff     0xe  xprintfsmall.o [4]
  .near_func.text    ro code  0x00c00d     0xd  stm8s_uart1.o [1]
  .near_func.text    ro code  0x00c01a     0xd  move.o [4]
  .near_func.text    ro code  0x00c027     0xd  strlen.o [4]
  .near_func.text    ro code  0x00c034     0xc  OLEDI2C.o [1]
  .near_func.text    ro code  0x00c040     0xc  w25qxx.o [1]
  .near_func.text    ro code  0x00c04c     0xc  setlocale.o [4]
  .near_func.text    ro code  0x00c058     0xb  xprintfsmall.o [4]
  .near_func.text    ro code  0x00c063     0xb  xprintfsmall.o [4]
  .near_func.text    ro code  0x00c06e     0xa  w25qxx.o [1]
  .near_func.text    ro code  0x00c078     0xa  xprintfsmall.o [4]
  .near_func.text    ro code  0x00c082     0xa  xprintfsmall.o [4]
  .near_func.text    ro code  0x00c08c     0x9  pbdata.o [1]
  .near_func.text    ro code  0x00c095     0x9  xprintfsmall.o [4]
  .near_func.text    ro code  0x00c09e     0x9  xprintfsmall.o [4]
  .near_func.text    ro code  0x00c0a7     0x9  xprintfsmall.o [4]
  .near_func.text    ro code  0x00c0b0     0x9  xprintfsmall.o [4]
  .near.rodata       const    0x00c0b9     0x8  OLED12864.o [1]
  .near.rodata       const    0x00c0c1     0x8  xprintfsmall.o [4]
  .near.rodata       const    0x00c0c9     0x8  xprintfsmall.o [4]
  .near.rodata       const    0x00c0d1     0x8  xencoding_sb.o [4]
  .near.rodata       const    0x00c0d9     0x8  xencoding_sb.o [4]
  .near_func.text    ro code  0x00c0e1     0x8  main.o [1]
  .near_func.text    ro code  0x00c0e9     0x8  xprintfsmall.o [4]
  .near.rodata       const    0x00c0f1     0x7  xprintfsmall.o [4]
  .near_func.text    ro code  0x00c0f8     0x7  stm8s_gpio.o [1]
  .near_func.text    ro code  0x00c0ff     0x7  stm8s_gpio.o [1]
  .near_func.text    ro code  0x00c106     0x7  xprintfsmall.o [4]
  .near_func.text    ro code  0x00c10d     0x7  xprintfsmall.o [4]
  .near_func.text    ro code  0x00c114     0x7  xprintfsmall.o [4]
  .near_func.text    ro code  0x00c11b     0x7  xxmemxmalloc.o [4]
  .near_func.text    ro code  0x00c122     0x7  putchar.o [4]
  .near_func.text    ro code  0x00c129     0x6  xprintfsmall.o [4]
  .near_func.text    ro code  0x00c12f     0x6  xprintfsmall.o [4]
  .near_func.text    ro code  0x00c135     0x6  xprintfsmall.o [4]
  .near_func.text    ro code  0x00c13b     0x6  xmbcurmax.o [4]
  .near.rodata       const    0x00c141     0x5  w25qxx.o [1]
  .near_func.text    ro code  0x00c146     0x5  xprintfsmall.o [4]
  .near_func.text    ro code  0x00c14b     0x5  xprintfsmall.o [4]
  .near_func.text    ro code  0x00c150     0x5  xprintfsmall.o [4]
  .near_func.text    ro code  0x00c155     0x5  cexit.o [4]
  .near.rodata       const    0x00c15a     0x4  stm8s_clk.o [1]
  .near.rodata       const    0x00c15e     0x4  stm8s_it.o [1]
  .near_func.text    ro code  0x00c162     0x4  stm8s_gpio.o [1]
  .near_func.text    ro code  0x00c166     0x4  stm8s_uart1.o [1]
  .near_func.text    ro code  0x00c16a     0x4  setlocale.o [4]
  .near_func.text    ro code  0x00c16e     0x3  interrupt.o [4]
  .near_func.text    ro code  0x00c171     0x3  low_level_init.o [4]
  .near_func.text    ro code  0x00c174     0x3  exit.o [4]
  .near_func.text    ro code  0x00c177     0x3  unhandled_exception.o [4]
  .near.rodata       const    0x00c17a     0x2  OLED12864.o [1]
  .near.rodata       const    0x00c17c     0x2  OLED12864.o [1]
  .near_func.text    ro code  0x00c17e     0x2  main.o [1]
  .near_func.text    ro code  0x00c180     0x1  stm8s_it.o [1]
  .near_func.text    ro code  0x00c181     0x1  stm8s_it.o [1]
  .near_func.text    ro code  0x00c182     0x1  stm8s_it.o [1]
  .near_func.text    ro code  0x00c183     0x1  stm8s_it.o [1]
  .near_func.text    ro code  0x00c184     0x1  stm8s_it.o [1]
  .near_func.text    ro code  0x00c185     0x1  stm8s_it.o [1]
  .near_func.text    ro code  0x00c186     0x1  stm8s_it.o [1]
  .near_func.text    ro code  0x00c187     0x1  stm8s_it.o [1]
  .near_func.text    ro code  0x00c188     0x1  stm8s_it.o [1]
  .near_func.text    ro code  0x00c189     0x1  stm8s_it.o [1]
  .near_func.text    ro code  0x00c18a     0x1  stm8s_it.o [1]
  .near_func.text    ro code  0x00c18b     0x1  stm8s_it.o [1]
  .near_func.text    ro code  0x00c18c     0x1  stm8s_it.o [1]
  .near_func.text    ro code  0x00c18d     0x1  stm8s_it.o [1]
  .near_func.text    ro code  0x00c18e     0x1  stm8s_it.o [1]
  .near_func.text    ro code  0x00c18f     0x1  stm8s_it.o [1]
  .near_func.text    ro code  0x00c190     0x1  stm8s_it.o [1]
  .near_func.text    ro code  0x00c191     0x1  stm8s_it.o [1]
  .near_func.text    ro code  0x00c192     0x1  stm8s_it.o [1]
  .near_func.text    ro code  0x00c193     0x1  stm8s_it.o [1]
  .near_func.text    ro code  0x00c194     0x1  stm8s_it.o [1]
  .near_func.text    ro code  0x00c195     0x1  stm8s_it.o [1]
  .near_func.text    ro code  0x00c196     0x1  stm8s_it.o [1]
  .near_func.text    ro code  0x00c197     0x1  stm8s_it.o [1]
  .near_func.text    ro code  0x00c198     0x1  stm8s_it.o [1]
  .near_func.text    ro code  0x00c199     0x1  __dbg_break.o [3]
                            - 0x00c19a  0x411a


*******************************************************************************
*** INIT TABLE
***

          Address   Size
          -------   ----
Zero (__iar_zero_init2)
    1 destination range, total size 0x73:
          0x001334    0x73

Copy (__iar_copy_init2)
    1 source range, total size 0x1224:
          0x008080  0x1224
    1 destination range, total size 0x1224:
          0x000010  0x1224



*******************************************************************************
*** MODULE SUMMARY
***

    Module                 ro code  ro data  rw data
    ------                 -------  -------  -------
C:\Users\Administrator\Desktop\STM8\Temp_Process\IAR\Debug\Obj: [1]
    DS18B20.o                  689       68       11
    OLED12864.o              2 719    4 631    4 601
    OLEDI2C.o                  291
    led.o                       36
    main.o                      49
    pbdata.o                    50
    spi.o                       66
    stm8s_clk.o                148       73
    stm8s_gpio.o               290       70
    stm8s_it.o                 143       25        5
    stm8s_spi.o                460       69
    stm8s_tim4.o               255       70
    stm8s_uart1.o              771       71
    tim4.o                      28
    uart1.o                     58
    w25qxx.o                   451      131
    ------------------------------------------------
    Total:                   6 504    5 208    4 617

command line: [2]
    ------------------------------------------------
    Total:

dbgstm8smd.a: [3]
    __dbg_break.o                1
    __dbg_xxexit.o              20
    ------------------------------------------------
    Total:                      21

dlstm8smf.a: [4]
    cexit.o                      5
    cstartup.o                  19
    dc_util.o                   37
    exit.o                       3
    float.o                    565
    init.o                      20
    init_small.o                70
    interrupt.o                  3      128
    long.o                     418
    long_util.o                 71
    low_level_init.o             3
    memchr.o                    33
    memcpy.o                    31
    move.o                      13
    printf.o                    29
    putchar.o                    7
    setlocale.o                 16                16
    short.o                     84
    strchr.o                    21
    strcmp.o                    44
    strlen.o                    13
    unhandled_exception.o        3
    vreg_util.o                321
    vregs.o                                       16
    xencoding_sb.o              73       16
    xfiles.o                             40      120
    xgetmemchunk.o              25                 2
    xmbcurmax.o                  6
    xmbtowc.o                   33
    xprintfsmall.o           2 352       23
    xprout.o                    27
    xwctomb.o                   28
    xxmemxfree.o               211
    xxmemxmalloc.o             252                 4
    ------------------------------------------------
    Total:                   4 836      207      158

    Linker created                       18      512
----------------------------------------------------
    Grand Total:            11 361    5 433    5 287


*******************************************************************************
*** ENTRY LIST
***

Entry                    Address   Size  Type      Object
-----                    -------   ----  ----      ------
.iar.init_table$$Base   0x00bd1e          --   Gb  - Linker created -
.iar.init_table$$Limit  0x00bd30          --   Gb  - Linker created -
?and32_l0_l0_0x         0x00a7f3         Code  Gb  long.o [4]
?and32_l0_l0_l1         0x00a7f0         Code  Gb  long.o [4]
?b0                     0x000000         Data  Gb  vregs.o [4]
?b1                     0x000001         Data  Gb  vregs.o [4]
?b10                    0x00000a         Data  Gb  vregs.o [4]
?b11                    0x00000b         Data  Gb  vregs.o [4]
?b12                    0x00000c         Data  Gb  vregs.o [4]
?b13                    0x00000d         Data  Gb  vregs.o [4]
?b14                    0x00000e         Data  Gb  vregs.o [4]
?b15                    0x00000f         Data  Gb  vregs.o [4]
?b2                     0x000002         Data  Gb  vregs.o [4]
?b3                     0x000003         Data  Gb  vregs.o [4]
?b4                     0x000004         Data  Gb  vregs.o [4]
?b5                     0x000005         Data  Gb  vregs.o [4]
?b6                     0x000006         Data  Gb  vregs.o [4]
?b7                     0x000007         Data  Gb  vregs.o [4]
?b8                     0x000008         Data  Gb  vregs.o [4]
?b9                     0x000009         Data  Gb  vregs.o [4]
?dc32_l0                0x00bc70         Code  Gb  dc_util.o [4]
?dc32_l1                0x00bc7d         Code  Gb  dc_util.o [4]
?dc32_px                0x00bc8a         Code  Gb  dc_util.o [4]
?e0                     0x000001         Data  Gb  vregs.o [4]
?e1                     0x000005         Data  Gb  vregs.o [4]
?e2                     0x000009         Data  Gb  vregs.o [4]
?e3                     0x00000d         Data  Gb  vregs.o [4]
?epilogue_l2            0x00aa43         Code  Gb  vreg_util.o [4]
?epilogue_l2_l3         0x00aa40         Code  Gb  vreg_util.o [4]
?epilogue_w4            0x00aa47         Code  Gb  vreg_util.o [4]
?fcastf32u16_l0_x       0x00a154         Code  Gb  float.o [4]
?fcasts16f32_x_l0       0x00a172         Code  Gb  float.o [4]
?fcmplt32_c_l0_0x       0x00a0fe         Code  Gb  float.o [4]
?fcmplt32_c_l0_dc32     0x00a0f9         Code  Gb  float.o [4]
?fmul32_l0_l0_dc32      0x00a05f         Code  Gb  float.o [4]
?fmul32_l0_l0_l1        0x00a064         Code  Gb  float.o [4]
?inc32_0x_0x            0x00a6a7         Code  Gb  long.o [4]
?inc32_l0_l0            0x00a6a2         Code  Gb  long.o [4]
?l0                     0x000000         Data  Gb  vregs.o [4]
?l1                     0x000004         Data  Gb  vregs.o [4]
?l2                     0x000008         Data  Gb  vregs.o [4]
?l3                     0x00000c         Data  Gb  vregs.o [4]
?load32_0x_l0           0x00b7b5         Code  Gb  long_util.o [4]
?load32_asp_l0          0x00b7a9         Code  Gb  long_util.o [4]
?load32_dbsp_l0         0x00b7a4         Code  Gb  long_util.o [4]
?load32_l0_0x           0x00b78c         Code  Gb  long_util.o [4]
?load32_l0_asp          0x00b781         Code  Gb  long_util.o [4]
?load32_l0_dbsp         0x00b77c         Code  Gb  long_util.o [4]
?load32_l0_xsp          0x00b783         Code  Gb  long_util.o [4]
?load32_l1_0x           0x00b798         Code  Gb  long_util.o [4]
?load32_xsp_l0          0x00b7ab         Code  Gb  long_util.o [4]
?mov_e0_e1              0x00aa86         Code  Gb  vreg_util.o [4]
?mov_e0_e2              0x00aa93         Code  Gb  vreg_util.o [4]
?mov_e0_e3              0x00aaa0         Code  Gb  vreg_util.o [4]
?mov_e1_e0              0x00aaad         Code  Gb  vreg_util.o [4]
?mov_e1_e2              0x00aaba         Code  Gb  vreg_util.o [4]
?mov_e1_e3              0x00aac7         Code  Gb  vreg_util.o [4]
?mov_e2_e0              0x00aad4         Code  Gb  vreg_util.o [4]
?mov_e3_e0              0x00aae1         Code  Gb  vreg_util.o [4]
?mov_l0_l1              0x00aa83         Code  Gb  vreg_util.o [4]
?mov_l0_l2              0x00aa90         Code  Gb  vreg_util.o [4]
?mov_l0_l3              0x00aa9d         Code  Gb  vreg_util.o [4]
?mov_l1_l0              0x00aaaa         Code  Gb  vreg_util.o [4]
?mov_l1_l2              0x00aab7         Code  Gb  vreg_util.o [4]
?mov_l1_l3              0x00aac4         Code  Gb  vreg_util.o [4]
?mov_l2_l0              0x00aad1         Code  Gb  vreg_util.o [4]
?mov_l3_l0              0x00aade         Code  Gb  vreg_util.o [4]
?mov_w0_w3              0x00aa4b         Code  Gb  vreg_util.o [4]
?mov_w0_w4              0x00aa52         Code  Gb  vreg_util.o [4]
?mov_w0_w5              0x00aa59         Code  Gb  vreg_util.o [4]
?mov_w1_w3              0x00aa89         Code  Gb  vreg_util.o [4]
?mov_w1_w4              0x00aa60         Code  Gb  vreg_util.o [4]
?mov_w1_w5              0x00aa96         Code  Gb  vreg_util.o [4]
?mov_w1_w7              0x00aaa3         Code  Gb  vreg_util.o [4]
?mov_w2_w1              0x00aa67         Code  Gb  vreg_util.o [4]
?mov_w3_w1              0x00aab0         Code  Gb  vreg_util.o [4]
?mov_w3_w5              0x00aabd         Code  Gb  vreg_util.o [4]
?mov_w3_w7              0x00aaca         Code  Gb  vreg_util.o [4]
?mov_w4_w0              0x00aa6e         Code  Gb  vreg_util.o [4]
?mov_w4_w1              0x00aa75         Code  Gb  vreg_util.o [4]
?mov_w5_w0              0x00aa7c         Code  Gb  vreg_util.o [4]
?mov_w5_w1              0x00aad7         Code  Gb  vreg_util.o [4]
?mov_w7_w1              0x00aae4         Code  Gb  vreg_util.o [4]
?move1616_v_x_y_a       0x00c01a         Code  Gb  move.o [4]
?mul16_x_x_w0           0x00b640         Code  Gb  short.o [4]
?mul32_l0_l0_0x         0x00a6d8         Code  Gb  long.o [4]
?mul32_l0_l0_dl         0x00a6d5         Code  Gb  long.o [4]
?mul32_l0_l0_l1         0x00a6e1         Code  Gb  long.o [4]
?neg32_l0_l0            0x00a692         Code  Gb  long.o [4]
?pop_l0                 0x00aa0c         Code  Gb  vreg_util.o [4]
?pop_l1                 0x00aa17         Code  Gb  vreg_util.o [4]
?pop_l2                 0x00aa22         Code  Gb  vreg_util.o [4]
?pop_l3                 0x00aa2d         Code  Gb  vreg_util.o [4]
?pop_w4                 0x00a9cc         Code  Gb  vreg_util.o [4]
?push_l0                0x00a9db         Code  Gb  vreg_util.o [4]
?push_l1                0x00a9e0         Code  Gb  vreg_util.o [4]
?push_l2                0x00a9e5         Code  Gb  vreg_util.o [4]
?push_l3                0x00a9ea         Code  Gb  vreg_util.o [4]
?push_w0                0x00a9aa         Code  Gb  vreg_util.o [4]
?push_w1                0x00a9af         Code  Gb  vreg_util.o [4]
?push_w4                0x00a9b4         Code  Gb  vreg_util.o [4]
?scmp32_c_l0_l1         0x00a7d9         Code  Gb  long.o [4]
?sdiv16_x_x_y           0x00b65e         Code  Gb  short.o [4]
?sext32_l0_a            0x00a827         Code  Gb  long.o [4]
?sext32_l0_x            0x00a81c         Code  Gb  long.o [4]
?sll16_x_x_a            0x00b687         Code  Gb  short.o [4]
?sll32_0x_0x_a          0x00a80e         Code  Gb  long.o [4]
?sll32_l0_l0_a          0x00a80b         Code  Gb  long.o [4]
?smod16_y_x_y           0x00b677         Code  Gb  short.o [4]
?srl16_x_x_4            0x00b68f         Code  Gb  short.o [4]
?sub32_l0_l0_0x         0x00a6bd         Code  Gb  long.o [4]
?sub32_l0_l0_dl         0x00a6b5         Code  Gb  long.o [4]
?sub32_l0_l0_l1         0x00a6ba         Code  Gb  long.o [4]
?udiv32_l0_dl_l1        0x00a764         Code  Gb  long.o [4]
?udiv32_l0_l0_dl        0x00a769         Code  Gb  long.o [4]
?udiv32_l0_l0_l1        0x00a76c         Code  Gb  long.o [4]
?umod32_l1_l0_dl        0x00a75f         Code  Gb  long.o [4]
?umod32_l1_l0_l1        0x00a76c         Code  Gb  long.o [4]
?w0                     0x000000         Data  Gb  vregs.o [4]
?w1                     0x000002         Data  Gb  vregs.o [4]
?w2                     0x000004         Data  Gb  vregs.o [4]
?w3                     0x000006         Data  Gb  vregs.o [4]
?w4                     0x000008         Data  Gb  vregs.o [4]
?w5                     0x00000a         Data  Gb  vregs.o [4]
?w6                     0x00000c         Data  Gb  vregs.o [4]
?w7                     0x00000e         Data  Gb  vregs.o [4]
ADC2_IRQHandler         0x00c197    0x1  Code  Gb  stm8s_it.o [1]
AWU_IRQHandler          0x00c182    0x1  Code  Gb  stm8s_it.o [1]
BSP_Configuration       0x00bbb3   0x27  Code  Gb  main.o [1]
CAN_RX_IRQHandler       0x00c189    0x1  Code  Gb  stm8s_it.o [1]
CAN_TX_IRQHandler       0x00c18a    0x1  Code  Gb  stm8s_it.o [1]
CLK_GetClockFreq        0x00b53c   0x57  Code  Gb  stm8s_clk.o [1]
CLK_HSIPrescalerConfig  0x00b91c   0x3d  Code  Gb  stm8s_clk.o [1]
CLK_IRQHandler          0x00c183    0x1  Code  Gb  stm8s_it.o [1]
CSTACK$$Base            0x001700          --   Gb  - Linker created -
CSTACK$$Limit           0x001800          --   Gb  - Linker created -
DS18B20_IO              0x00be85   0x19  Code  Gb  DS18B20.o [1]
DS18B20_RBit            0x00ada0   0x5b  Code  Gb  DS18B20.o [1]
DS18B20_RByte           0x00adfb   0x28  Code  Gb  DS18B20.o [1]
DS18B20_ReadTemp        0x00b15d   0x94  Code  Gb  DS18B20.o [1]
DS18B20_ReadTempRequest
                        0x00ae23   0x13  Code  Gb  DS18B20.o [1]
DS18B20_Wbyte           0x00ad3a   0x66  Code  Gb  DS18B20.o [1]
DS18B20_reset           0x00b390   0x77  Code  Gb  DS18B20.o [1]
EEPROM_EEC_IRQHandler   0x00c198    0x1  Code  Gb  stm8s_it.o [1]
EXTI_PORTA_IRQHandler   0x00c184    0x1  Code  Gb  stm8s_it.o [1]
EXTI_PORTB_IRQHandler   0x00c185    0x1  Code  Gb  stm8s_it.o [1]
EXTI_PORTC_IRQHandler   0x00c186    0x1  Code  Gb  stm8s_it.o [1]
EXTI_PORTD_IRQHandler   0x00c187    0x1  Code  Gb  stm8s_it.o [1]
EXTI_PORTE_IRQHandler   0x00c188    0x1  Code  Gb  stm8s_it.o [1]
F16x16                  0x000828  0x2e0  Data  Gb  OLED12864.o [1]
F16x32                  0x000b08  0x480  Data  Gb  OLED12864.o [1]
F32x32                  0x000f88  0x280  Data  Gb  OLED12864.o [1]
F6x8                    0x000010  0x228  Data  Gb  OLED12864.o [1]
F8X16                   0x000238  0x5f0  Data  Gb  OLED12864.o [1]
GPIO_Init               0x00ac2a  0x110  Code  Gb  stm8s_gpio.o [1]
GPIO_ReadInputPin       0x00c0ff    0x7  Code  Gb  stm8s_gpio.o [1]
GPIO_WriteHigh          0x00c0f8    0x7  Code  Gb  stm8s_gpio.o [1]
GPIO_WriteLow           0x00c162    0x4  Code  Gb  stm8s_gpio.o [1]
HEAP$$Base              0x001234          --   Gb  - Linker created -
HEAP$$Limit             0x001334          --   Gb  - Linker created -
HSIDivFactor            0x00c15a    0x4  Data  Gb  stm8s_clk.o [1]
I2C_IRQHandler          0x00c194    0x1  Code  Gb  stm8s_it.o [1]
I2C_SDA_DDR             0x00be9e   0x19  Code  Gb  OLEDI2C.o [1]
I2C_Start               0x00ba38   0x34  Code  Gb  OLEDI2C.o [1]
I2C_Stop                0x00ba6c   0x34  Code  Gb  OLEDI2C.o [1]
I2C_WBit                0x00b0c7   0x96  Code  Gb  OLEDI2C.o [1]
I2C_init                0x00c034    0xc  Code  Gb  OLEDI2C.o [1]
INTVEC$$Base            0x008000          --   Gb  - Linker created -
INTVEC$$Limit           0x008080          --   Gb  - Linker created -
LED_Init                0x00bc95   0x24  Code  Gb  led.o [1]
LoadInt                 0x00b959   0x3d  Code  Lc  xprintfsmall.o [4]
OLED_CLS                0x00ae59   0x32  Code  Gb  OLED12864.o [1]
OLED_ChangeBLESatus     0x009aee   0x17  Code  Gb  OLED12864.o [1]
OLED_ChangeDate         0x009610   0xd1  Code  Gb  OLED12864.o [1]
OLED_ChangePowerSatus   0x0099b6   0x69  Code  Gb  OLED12864.o [1]
OLED_ChangeRECNum       0x0096e1  0x2d5  Code  Gb  OLED12864.o [1]
OLED_ChangeRightSatus   0x009b05   0x17  Code  Gb  OLED12864.o [1]
OLED_ChangeTemp         0x009b71   0xa9  Code  Gb  OLED12864.o [1]
OLED_ChangeTime         0x009a91   0x5d  Code  Gb  OLED12864.o [1]
OLED_Display            0x009b1c   0x55  Code  Gb  OLED12864.o [1]
OLED_ON_FLAG            0x0013a5    0x1  Data  Gb  OLED12864.o [1]
OLED_P16x16Ch           0x0093b9   0x68  Code  Gb  OLED12864.o [1]
OLED_P16x32Ch           0x009421   0xb4  Code  Gb  OLED12864.o [1]
OLED_P32x32Ch           0x0094d5   0xb4  Code  Gb  OLED12864.o [1]
OLED_P6x8Str            0x0092a4   0x72  Code  Gb  OLED12864.o [1]
OLED_P8x16Str           0x009316   0xa3  Code  Gb  OLED12864.o [1]
OLED_SetPos             0x00ae36   0x23  Code  Gb  OLED12864.o [1]
OLED_Wcmd               0x00bdaa   0x1d  Code  Gb  OLED12864.o [1]
OLED_Wdata              0x00bd6e   0x1e  Code  Gb  OLED12864.o [1]
OLED_Welcome            0x009589   0x4c  Code  Gb  OLED12864.o [1]
OLED_init               0x00ae8b   0x99  Code  Gb  OLED12864.o [1]
Region$$Table$$Base     0x00bd1e          --   Gb  - Linker created -
Region$$Table$$Limit    0x00bd30          --   Gb  - Linker created -
SPI_Cmd                 0x00b996   0x2f  Code  Gb  stm8s_spi.o [1]
SPI_Configuration       0x00bd30   0x1f  Code  Gb  spi.o [1]
SPI_GetFlagStatus       0x00b5ea   0x56  Code  Gb  stm8s_spi.o [1]
SPI_IRQHandler          0x00c18b    0x1  Code  Gb  stm8s_it.o [1]
SPI_Init                0x00aaeb  0x13f  Code  Gb  stm8s_spi.o [1]
SPI_ReceiveData         0x00b9c9    0x4  Code  Gb  stm8s_spi.o [1]
SPI_SendByte            0x00bcb9   0x23  Code  Gb  spi.o [1]
SPI_SendData            0x00b9c5    0x4  Code  Gb  stm8s_spi.o [1]
TIM1_CAP_COM_IRQHandler
                        0x00c18d    0x1  Code  Gb  stm8s_it.o [1]
TIM1_UPD_OVF_TRG_BRK_IRQHandler
                        0x00c18c    0x1  Code  Gb  stm8s_it.o [1]
TIM2_CAP_COM_IRQHandler
                        0x00c18f    0x1  Code  Gb  stm8s_it.o [1]
TIM2_UPD_OVF_BRK_IRQHandler
                        0x00c18e    0x1  Code  Gb  stm8s_it.o [1]
TIM3_CAP_COM_IRQHandler
                        0x00c191    0x1  Code  Gb  stm8s_it.o [1]
TIM3_UPD_OVF_BRK_IRQHandler
                        0x00c190    0x1  Code  Gb  stm8s_it.o [1]
TIM4_ARRPreloadConfig   0x00bb01   0x2f  Code  Gb  stm8s_tim4.o [1]
TIM4_Cmd                0x00bad2   0x2f  Code  Gb  stm8s_tim4.o [1]
TIM4_ITConfig           0x00b6e5   0x50  Code  Gb  stm8s_tim4.o [1]
TIM4_Init               0x00bde4   0x1c  Code  Gb  tim4.o [1]
TIM4_TimeBaseInit       0x00b694   0x51  Code  Gb  stm8s_tim4.o [1]
TIM4_UPD_OVF_IRQHandler
                        0x00b407   0x76  Code  Gb  stm8s_it.o [1]
TIM4_UPD_OVF_IRQHandler::time_shutOLED_count
                        0x0013a6    0x1  Data  Lc  stm8s_it.o [1]
TIM4_UPD_OVF_IRQHandler::time_update
                        0x001208    0x4  Data  Lc  stm8s_it.o [1]
TLI_IRQHandler          0x00c181    0x1  Code  Gb  stm8s_it.o [1]
TRAP_IRQHandler         0x00c180    0x1  Code  Gb  stm8s_it.o [1]
TempGetAndSave          0x00b283   0x91  Code  Gb  DS18B20.o [1]
UART1_Cmd               0x00c00d    0xd  Code  Gb  stm8s_uart1.o [1]
UART1_Congfiguration    0x00bbda   0x26  Code  Gb  uart1.o [1]
UART1_ITConfig          0x00aff7   0xd0  Code  Gb  stm8s_uart1.o [1]
UART1_Init              0x00a294  0x222  Code  Gb  stm8s_uart1.o [1]
UART1_RX_IRQHandler     0x00c193    0x1  Code  Gb  stm8s_it.o [1]
UART1_SendData8         0x00c166    0x4  Code  Gb  stm8s_uart1.o [1]
UART1_TX_IRQHandler     0x00c192    0x1  Code  Gb  stm8s_it.o [1]
UART3_RX_IRQHandler     0x00c196    0x1  Code  Gb  stm8s_it.o [1]
UART3_TX_IRQHandler     0x00c195    0x1  Code  Gb  stm8s_it.o [1]
W25QXX_Demo             0x00b314   0x7c  Code  Gb  w25qxx.o [1]
W25QXX_Erase_Sector     0x00b8d9   0x43  Code  Gb  w25qxx.o [1]
W25QXX_GPIO             0x00c040    0xc  Code  Gb  w25qxx.o [1]
W25QXX_Read             0x00b593   0x57  Code  Gb  w25qxx.o [1]
W25QXX_ReadSR           0x00bc00   0x26  Code  Gb  w25qxx.o [1]
W25QXX_Wait_Busy        0x00c06e    0xa  Code  Gb  w25qxx.o [1]
W25QXX_Write_Enable     0x00bee7   0x15  Code  Gb  w25qxx.o [1]
W25QXX_Write_Page       0x00b4e0   0x5c  Code  Gb  w25qxx.o [1]
_EncodingSb_Mbtowc      0x00baa0   0x32  Code  Gb  xencoding_sb.o [4]
_EncodingSb_Mbtowc::initial
                        0x00c0d9    0x8  Data  Lc  xencoding_sb.o [4]
_EncodingSb_Wctomb      0x00bed0   0x17  Code  Gb  xencoding_sb.o [4]
_EncodingSb_Wctomb::initial
                        0x00c0d1    0x8  Data  Lc  xencoding_sb.o [4]
_LitobSmall             0x00a834  0x176  Code  Lc  xprintfsmall.o [4]
_LocaleEncoding         0x00c04c    0xc  Code  Gb  setlocale.o [4]
_Locale_Profile         0x001384    0xe  Data  Gb  setlocale.o [4]
_Mbtowc                 0x00bcdc   0x21  Code  Gb  xmbtowc.o [4]
_PrintfSmall            0x009c1a  0x445  Code  Gb  xprintfsmall.o [4]
_Prout                  0x00be1c   0x1b  Code  Gb  xprout.o [4]
_PutcharSmall           0x00bb30   0x2f  Code  Lc  xprintfsmall.o [4]
_PutcharsSmall          0x00ba03   0x35  Code  Lc  xprintfsmall.o [4]
_PutstrSmall            0x00a4b6  0x1dc  Code  Lc  xprintfsmall.o [4]
_Wctomb                 0x00be00   0x1c  Code  Gb  xwctomb.o [4]
__DebugBreak            0x00c199    0x1  Code  Gb  __dbg_break.o [3]
__exit                  0x00bf61   0x14  Code  Gb  __dbg_xxexit.o [3]
__iar_Mbcurmax          0x00c13b    0x6  Code  Gb  xmbcurmax.o [4]
__iar_Memchr            0x00bcfd   0x21  Code  Gb  memchr.o [4]
__iar_Stdout            0x00120c   0x28  Data  Gb  xfiles.o [4]
__iar_Strchr            0x00befc   0x15  Code  Gb  strchr.o [4]
__iar_Tls_setup__Locale_Profile
                        0x0013a0    0x2  Data  Gb  setlocale.o [4]
__iar_copy_init2        0x00bb8b         Code  Gb  init_small.o [4]
__iar_data_init2        0x00bf25   0x14  Code  Gb  init.o [4]
__iar_program_start     0x00bf88         Code  Gb  cstartup.o [4]
__iar_unhandled_exception
                        0x00c177         Code  Gb  unhandled_exception.o [4]
__iar_zero_init2        0x00bd8c         Code  Gb  init_small.o [4]
__intvec                0x008000         Data  Gb  interrupt.o [4]
__low_level_init        0x00c171    0x3  Code  Gb  low_level_init.o [4]
__near_Aldata           0x00139a    0x4  Data  Gb  xxmemxmalloc.o [4]
__near_GetMemChunk      0x00beb7   0x19  Code  Gb  xgetmemchunk.o [4]
__near_GetMemChunk::start
                        0x0013a2    0x2  Data  Lc  xgetmemchunk.o [4]
__near_findmem          0x00b47d   0x63  Code  Lc  xxmemxmalloc.o [4]
_exit                   0x00c155         Code  Gb  cexit.o [4]
_interrupt_1            0x00c180         Code  Gb  stm8s_it.o [1]
_interrupt_10           0x00c189         Code  Gb  stm8s_it.o [1]
_interrupt_11           0x00c18a         Code  Gb  stm8s_it.o [1]
_interrupt_12           0x00c18b         Code  Gb  stm8s_it.o [1]
_interrupt_13           0x00c18c         Code  Gb  stm8s_it.o [1]
_interrupt_14           0x00c18d         Code  Gb  stm8s_it.o [1]
_interrupt_15           0x00c18e         Code  Gb  stm8s_it.o [1]
_interrupt_16           0x00c18f         Code  Gb  stm8s_it.o [1]
_interrupt_17           0x00c190         Code  Gb  stm8s_it.o [1]
_interrupt_18           0x00c191         Code  Gb  stm8s_it.o [1]
_interrupt_19           0x00c192         Code  Gb  stm8s_it.o [1]
_interrupt_2            0x00c181         Code  Gb  stm8s_it.o [1]
_interrupt_20           0x00c193         Code  Gb  stm8s_it.o [1]
_interrupt_21           0x00c194         Code  Gb  stm8s_it.o [1]
_interrupt_22           0x00c195         Code  Gb  stm8s_it.o [1]
_interrupt_23           0x00c196         Code  Gb  stm8s_it.o [1]
_interrupt_24           0x00c197         Code  Gb  stm8s_it.o [1]
_interrupt_25           0x00b407         Code  Gb  stm8s_it.o [1]
_interrupt_26           0x00c198         Code  Gb  stm8s_it.o [1]
_interrupt_3            0x00c182         Code  Gb  stm8s_it.o [1]
_interrupt_4            0x00c183         Code  Gb  stm8s_it.o [1]
_interrupt_5            0x00c184         Code  Gb  stm8s_it.o [1]
_interrupt_6            0x00c185         Code  Gb  stm8s_it.o [1]
_interrupt_7            0x00c186         Code  Gb  stm8s_it.o [1]
_interrupt_8            0x00c187         Code  Gb  stm8s_it.o [1]
_interrupt_9            0x00c188         Code  Gb  stm8s_it.o [1]
assert_failed           0x00c17e    0x2  Code  Gb  main.o [1]
delay                   0x00c08c    0x9  Code  Gb  pbdata.o [1]
delay_ms                0x00be6b   0x1a  Code  Gb  pbdata.o [1]
delay_us                0x00bff0    0xf  Code  Gb  pbdata.o [1]
exit                    0x00c174    0x3  Code  Gb  exit.o [4]
fputc                   0x00bf11   0x14  Code  Gb  uart1.o [1]
free                    0x00af24   0xc9  Code  Gb  xxmemxfree.o [4]
main                    0x00c0e1    0x8  Code  Gb  main.o [1]
malloc                  0x00b1f1   0x92  Code  Gb  xxmemxmalloc.o [4]
memcpy                  0x00bd4f   0x1f  Code  Gb  memcpy.o [4]
obuf                    0x001334   0x50  Data  Lc  xfiles.o [4]
pad                     0x00b9cd   0x36  Code  Lc  xprintfsmall.o [4]
printf                  0x00bdc7   0x1d  Code  Gb  printf.o [4]
putchar                 0x00c122    0x7  Code  Gb  putchar.o [4]
strcmp                  0x00bb5f   0x2c  Code  Gb  strcmp.o [4]
strlen                  0x00c027    0xd  Code  Gb  strlen.o [4]
temp                    0x001396    0x4  Data  Gb  DS18B20.o [1]
temp_f                  0x001392    0x4  Data  Lc  DS18B20.o [1]
temp_u16                0x00139e    0x2  Data  Lc  DS18B20.o [1]
wflag                   0x0013a4    0x1  Data  Gb  DS18B20.o [1]
witeNum6X8              0x0095d5   0x3b  Code  Gb  OLED12864.o [1]
witeNum8X16             0x009a1f   0x72  Code  Gb  OLED12864.o [1]


[1] = C:\Users\Administrator\Desktop\STM8\Temp_Process\IAR\Debug\Obj
[2] = command line
[3] = dbgstm8smd.a
[4] = dlstm8smf.a

  11 361 bytes of readonly  code memory
   5 433 bytes of readonly  data memory
   5 287 bytes of readwrite data memory

Errors: none
Warnings: none
